Downloading Minecraft server
Installing Fabric Loader 0.19.5(26.3) on the server
Downloading required files
Downloading library org.ow2.asm:asm:9.10.1
Downloading library org.ow2.asm:asm-analysis:9.10.1
Downloading library org.ow2.asm:asm-commons:9.10.1
Downloading library org.ow2.asm:asm-tree:9.10.1
Downloading library org.ow2.asm:asm-util:9.10.1
Downloading library net.fabricmc:sponge-mixin:0.17.4+mixin.0.8.7
Downloading library net.fabricmc:fabric-loader:0.19.5
Generating server launch JAR
Unpacking 26.3/server-26.3.jar (versions:26.3) to versions/26.3/server-26.3.jar
Unpacking at/yawk/lz4/lz4-java/1.10.1/lz4-java-1.10.1.jar (libraries:at.yawk.lz4:lz4-java:1.10.1) to libraries/at/yawk/lz4/lz4-java/1.10.1/lz4-java-1.10.1.jar
Unpacking com/azure/azure-json/1.4.0/azure-json-1.4.0.jar (libraries:com.azure:azure-json:1.4.0) to libraries/com/azure/azure-json/1.4.0/azure-json-1.4.0.jar
Unpacking com/github/oshi/oshi-core/6.9.0/oshi-core-6.9.0.jar (libraries:com.github.oshi:oshi-core:6.9.0) to libraries/com/github/oshi/oshi-core/6.9.0/oshi-core-6.9.0.jar
Unpacking com/google/code/gson/gson/2.14.0/gson-2.14.0.jar (libraries:com.google.code.gson:gson:2.14.0) to libraries/com/google/code/gson/gson/2.14.0/gson-2.14.0.jar
Unpacking com/google/guava/failureaccess/1.0.3/failureaccess-1.0.3.jar (libraries:com.google.guava:failureaccess:1.0.3) to libraries/com/google/guava/failureaccess/1.0.3/failureaccess-1.0.3.jar
Unpacking com/google/guava/guava/33.6.0-jre/guava-33.6.0-jre.jar (libraries:com.google.guava:guava:33.6.0-jre) to libraries/com/google/guava/guava/33.6.0-jre/guava-33.6.0-jre.jar
Unpacking com/microsoft/azure/msal4j/1.24.1/msal4j-1.24.1.jar (libraries:com.microsoft.azure:msal4j:1.24.1) to libraries/com/microsoft/azure/msal4j/1.24.1/msal4j-1.24.1.jar
Unpacking com/mojang/authlib/10.0.77/authlib-10.0.77.jar (libraries:com.mojang:authlib:10.0.77) to libraries/com/mojang/authlib/10.0.77/authlib-10.0.77.jar
Unpacking com/mojang/brigadier/1.3.11/brigadier-1.3.11.jar (libraries:com.mojang:brigadier:1.3.11) to libraries/com/mojang/brigadier/1.3.11/brigadier-1.3.11.jar
Unpacking com/mojang/datafixerupper/10.0.21/datafixerupper-10.0.21.jar (libraries:com.mojang:datafixerupper:10.0.21) to libraries/com/mojang/datafixerupper/10.0.21/datafixerupper-10.0.21.jar
Unpacking com/mojang/jtracy/1.14.38/jtracy-1.14.38.jar (libraries:com.mojang:jtracy:1.14.38) to libraries/com/mojang/jtracy/1.14.38/jtracy-1.14.38.jar
Unpacking com/mojang/logging/1.7.12/logging-1.7.12.jar (libraries:com.mojang:logging:1.7.12) to libraries/com/mojang/logging/1.7.12/logging-1.7.12.jar
Unpacking commons-io/commons-io/2.20.0/commons-io-2.20.0.jar (libraries:commons-io:commons-io:2.20.0) to libraries/commons-io/commons-io/2.20.0/commons-io-2.20.0.jar
Unpacking io/netty/netty-buffer/4.2.16.Final/netty-buffer-4.2.16.Final.jar (libraries:io.netty:netty-buffer:4.2.16.Final) to libraries/io/netty/netty-buffer/4.2.16.Final/netty-buffer-4.2.16.Final.jar
Unpacking io/netty/netty-codec-base/4.2.16.Final/netty-codec-base-4.2.16.Final.jar (libraries:io.netty:netty-codec-base:4.2.16.Final) to libraries/io/netty/netty-codec-base/4.2.16.Final/netty-codec-base-4.2.16.Final.jar
Unpacking io/netty/netty-codec-compression/4.2.16.Final/netty-codec-compression-4.2.16.Final.jar (libraries:io.netty:netty-codec-compression:4.2.16.Final) to libraries/io/netty/netty-codec-compression/4.2.16.Final/netty-codec-compression-4.2.16.Final.jar
Unpacking io/netty/netty-codec-http/4.2.16.Final/netty-codec-http-4.2.16.Final.jar (libraries:io.netty:netty-codec-http:4.2.16.Final) to libraries/io/netty/netty-codec-http/4.2.16.Final/netty-codec-http-4.2.16.Final.jar
Unpacking io/netty/netty-common/4.2.16.Final/netty-common-4.2.16.Final.jar (libraries:io.netty:netty-common:4.2.16.Final) to libraries/io/netty/netty-common/4.2.16.Final/netty-common-4.2.16.Final.jar
Unpacking io/netty/netty-handler/4.2.16.Final/netty-handler-4.2.16.Final.jar (libraries:io.netty:netty-handler:4.2.16.Final) to libraries/io/netty/netty-handler/4.2.16.Final/netty-handler-4.2.16.Final.jar
Unpacking io/netty/netty-resolver/4.2.16.Final/netty-resolver-4.2.16.Final.jar (libraries:io.netty:netty-resolver:4.2.16.Final) to libraries/io/netty/netty-resolver/4.2.16.Final/netty-resolver-4.2.16.Final.jar
Unpacking io/netty/netty-transport/4.2.16.Final/netty-transport-4.2.16.Final.jar (libraries:io.netty:netty-transport:4.2.16.Final) to libraries/io/netty/netty-transport/4.2.16.Final/netty-transport-4.2.16.Final.jar
Unpacking io/netty/netty-transport-classes-epoll/4.2.16.Final/netty-transport-classes-epoll-4.2.16.Final.jar (libraries:io.netty:netty-transport-classes-epoll:4.2.16.Final) to libraries/io/netty/netty-transport-classes-epoll/4.2.16.Final/netty-transport-classes-epoll-4.2.16.Final.jar
Unpacking io/netty/netty-transport-classes-kqueue/4.2.16.Final/netty-transport-classes-kqueue-4.2.16.Final.jar (libraries:io.netty:netty-transport-classes-kqueue:4.2.16.Final) to libraries/io/netty/netty-transport-classes-kqueue/4.2.16.Final/netty-transport-classes-kqueue-4.2.16.Final.jar
Unpacking io/netty/netty-transport-native-epoll/4.2.16.Final/netty-transport-native-epoll-4.2.16.Final-linux-x86_64.jar (libraries:io.netty:netty-transport-native-epoll:4.2.16.Final:linux-x86_64) to libraries/io/netty/netty-transport-native-epoll/4.2.16.Final/netty-transport-native-epoll-4.2.16.Final-linux-x86_64.jar
Unpacking io/netty/netty-transport-native-epoll/4.2.16.Final/netty-transport-native-epoll-4.2.16.Final-linux-aarch_64.jar (libraries:io.netty:netty-transport-native-epoll:4.2.16.Final:linux-aarch_64) to libraries/io/netty/netty-transport-native-epoll/4.2.16.Final/netty-transport-native-epoll-4.2.16.Final-linux-aarch_64.jar
Unpacking io/netty/netty-transport-native-kqueue/4.2.16.Final/netty-transport-native-kqueue-4.2.16.Final-osx-x86_64.jar (libraries:io.netty:netty-transport-native-kqueue:4.2.16.Final:osx-x86_64) to libraries/io/netty/netty-transport-native-kqueue/4.2.16.Final/netty-transport-native-kqueue-4.2.16.Final-osx-x86_64.jar
Unpacking io/netty/netty-transport-native-kqueue/4.2.16.Final/netty-transport-native-kqueue-4.2.16.Final-osx-aarch_64.jar (libraries:io.netty:netty-transport-native-kqueue:4.2.16.Final:osx-aarch_64) to libraries/io/netty/netty-transport-native-kqueue/4.2.16.Final/netty-transport-native-kqueue-4.2.16.Final-osx-aarch_64.jar
Unpacking io/netty/netty-transport-native-unix-common/4.2.16.Final/netty-transport-native-unix-common-4.2.16.Final.jar (libraries:io.netty:netty-transport-native-unix-common:4.2.16.Final) to libraries/io/netty/netty-transport-native-unix-common/4.2.16.Final/netty-transport-native-unix-common-4.2.16.Final.jar
Unpacking it/unimi/dsi/fastutil/8.5.18/fastutil-8.5.18.jar (libraries:it.unimi.dsi:fastutil:8.5.18) to libraries/it/unimi/dsi/fastutil/8.5.18/fastutil-8.5.18.jar
Unpacking net/java/dev/jna/jna/5.17.0/jna-5.17.0.jar (libraries:net.java.dev.jna:jna:5.17.0) to libraries/net/java/dev/jna/jna/5.17.0/jna-5.17.0.jar
Unpacking net/java/dev/jna/jna-platform/5.17.0/jna-platform-5.17.0.jar (libraries:net.java.dev.jna:jna-platform:5.17.0) to libraries/net/java/dev/jna/jna-platform/5.17.0/jna-platform-5.17.0.jar
Unpacking net/sf/jopt-simple/jopt-simple/5.0.4/jopt-simple-5.0.4.jar (libraries:net.sf.jopt-simple:jopt-simple:5.0.4) to libraries/net/sf/jopt-simple/jopt-simple/5.0.4/jopt-simple-5.0.4.jar
Unpacking org/apache/commons/commons-lang3/3.20.0/commons-lang3-3.20.0.jar (libraries:org.apache.commons:commons-lang3:3.20.0) to libraries/org/apache/commons/commons-lang3/3.20.0/commons-lang3-3.20.0.jar
Unpacking org/apache/logging/log4j/log4j-api/2.26.0/log4j-api-2.26.0.jar (libraries:org.apache.logging.log4j:log4j-api:2.26.0) to libraries/org/apache/logging/log4j/log4j-api/2.26.0/log4j-api-2.26.0.jar
Unpacking org/apache/logging/log4j/log4j-core/2.26.0/log4j-core-2.26.0.jar (libraries:org.apache.logging.log4j:log4j-core:2.26.0) to libraries/org/apache/logging/log4j/log4j-core/2.26.0/log4j-core-2.26.0.jar
Unpacking org/apache/logging/log4j/log4j-slf4j2-impl/2.26.0/log4j-slf4j2-impl-2.26.0.jar (libraries:org.apache.logging.log4j:log4j-slf4j2-impl:2.26.0) to libraries/org/apache/logging/log4j/log4j-slf4j2-impl/2.26.0/log4j-slf4j2-impl-2.26.0.jar
Unpacking org/joml/joml/1.10.9/joml-1.10.9.jar (libraries:org.joml:joml:1.10.9) to libraries/org/joml/joml/1.10.9/joml-1.10.9.jar
Unpacking org/jspecify/jspecify/1.0.0/jspecify-1.0.0.jar (libraries:org.jspecify:jspecify:1.0.0) to libraries/org/jspecify/jspecify/1.0.0/jspecify-1.0.0.jar
Unpacking org/slf4j/slf4j-api/2.0.17/slf4j-api-2.0.17.jar (libraries:org.slf4j:slf4j-api:2.0.17) to libraries/org/slf4j/slf4j-api/2.0.17/slf4j-api-2.0.17.jar
Starting net.fabricmc.loader.impl.game.minecraft.BundlerClassPathCapture
[13:32:17] [main/INFO]: Loading Minecraft 26.3 with Fabric Loader 0.19.5
[13:32:17] [main/INFO]: Mappings not present!
[13:32:17] [main/INFO]: Loading 43 mods:
	- create 6.0.9-1
	- fabric-api 0.161.0+26.3
	   |-- fabric-advancement-api-v1 1.0.0+38c7a2d55d
	   |-- fabric-api-base 2.0.6+fcdff87f5d
	   |-- fabric-api-lookup-api-v1 2.0.24+3434d6d95d
	   |-- fabric-biome-api-v1 20.0.9+74ed1ea55d
	   |-- fabric-block-api-v1 3.1.0+0ae6f9115d
	   |-- fabric-block-getter-api-v2 2.0.9+3434d6d95d
	   |-- fabric-command-api-v2 3.1.2+fcdff87f5d
	   |-- fabric-content-registries-v0 15.0.4+74ed1ea55d
	   |-- fabric-convention-tags-v2 4.10.3+6b5b47fd5d
	   |-- fabric-crash-report-info-v1 1.0.7+fcdff87f5d
	   |-- fabric-creative-tab-api-v1 5.0.21+fcdff87f5d
	   |-- fabric-data-attachment-api-v1 2.2.30+3434d6d95d
	   |-- fabric-data-generation-api-v1 27.2.4+427eab975d
	   |-- fabric-debug-api-v1 1.0.4+3434d6d95d
	   |-- fabric-dimensions-v1 5.1.19+47f74c985d
	   |-- fabric-entity-events-v1 6.0.4+3434d6d95d
	   |-- fabric-events-interaction-v0 5.3.6+3434d6d95d
	   |-- fabric-game-rule-api-v1 4.0.10+3434d6d95d
	   |-- fabric-item-api-v1 14.7.0+cf6bc2db5d
	   |-- fabric-lifecycle-events-v1 4.1.9+ffef5f675d
	   |-- fabric-loot-api-v3 4.0.8+4068fd645d
	   |-- fabric-menu-api-v1 2.0.27+ed66f0a35d
	   |-- fabric-message-api-v1 7.0.10+3434d6d95d
	   |-- fabric-networking-api-v1 6.3.8+fcdff87f5d
	   |-- fabric-object-builder-api-v1 24.1.9+3434d6d95d
	   |-- fabric-particles-v1 5.0.24+3434d6d95d
	   |-- fabric-permission-api-v1 1.0.8+fcdff87f5d
	   |-- fabric-recipe-api-v1 10.0.8+fcdff87f5d
	   |-- fabric-registry-sync-v0 8.0.1+fcdff87f5d
	   |-- fabric-rendering-fluids-v1 6.0.6+3434d6d95d
	   |-- fabric-resource-conditions-api-v1 6.1.5+3434d6d95d
	   |-- fabric-resource-loader-v0 3.3.26+4fc5413f5d
	   |-- fabric-resource-loader-v1 3.0.4+fcdff87f5d
	   |-- fabric-serialization-api-v1 2.0.7+74ed1ea55d
	   |-- fabric-tag-api-v1 2.1.10+fcdff87f5d
	   |-- fabric-transfer-api-v1 8.0.25+fcdff87f5d
	   \-- fabric-transitive-access-wideners-v1 8.1.16+52268a0e5d
	- fabricloader 0.19.5
	   \-- mixinextras 0.5.5
	- java 25
	- minecraft 26.3
[13:32:17] [main/INFO]: SpongePowered MIXIN Subsystem Version=0.8.7 Source=file:/home/runner/work/Create-Fly/Create-Fly/server/libraries/net/fabricmc/sponge-mixin/0.17.4+mixin.0.8.7/sponge-mixin-0.17.4+mixin.0.8.7.jar Service=Knot/Fabric Env=SERVER
[13:32:18] [main/INFO]: Initializing MixinExtras via com.llamalad7.mixinextras.service.MixinExtrasServiceImpl(version=0.5.5).
WARNING: A terminally deprecated method in sun.misc.Unsafe has been called
WARNING: sun.misc.Unsafe::objectFieldOffset has been called by org.joml.MemUtil$MemUtilUnsafe (file:/home/runner/work/Create-Fly/Create-Fly/server/libraries/org/joml/joml/1.10.9/joml-1.10.9.jar)
WARNING: Please consider reporting this to the maintainers of class org.joml.MemUtil$MemUtilUnsafe
WARNING: sun.misc.Unsafe::objectFieldOffset will be removed in a future release
[13:32:27] [main/INFO]: [STDERR]: Failed to read config file: /home/runner/work/Create-Fly/Create-Fly/server/./config/create/server.json
[13:32:27] [main/INFO]: [STDERR]: java.nio.file.NoSuchFileException: ./config/create/server.json
[13:32:27] [main/INFO]: [STDERR]: 	at java.base/sun.nio.fs.UnixException.translateToIOException(UnixException.java:92)
[13:32:27] [main/INFO]: [STDERR]: 	at java.base/sun.nio.fs.UnixException.rethrowAsIOException(UnixException.java:106)
[13:32:27] [main/INFO]: [STDERR]: 	at java.base/sun.nio.fs.UnixException.rethrowAsIOException(UnixException.java:111)
[13:32:27] [main/INFO]: [STDERR]: 	at java.base/sun.nio.fs.UnixFileSystemProvider.newFileChannel(UnixFileSystemProvider.java:213)
[13:32:27] [main/INFO]: [STDERR]: 	at java.base/sun.nio.fs.UnixFileSystemProvider.newByteChannel(UnixFileSystemProvider.java:244)
[13:32:27] [main/INFO]: [STDERR]: 	at java.base/java.nio.file.Files.newByteChannel(Files.java:357)
[13:32:27] [main/INFO]: [STDERR]: 	at java.base/java.nio.file.Files.newByteChannel(Files.java:399)
[13:32:27] [main/INFO]: [STDERR]: 	at java.base/java.nio.file.spi.FileSystemProvider.newInputStream(FileSystemProvider.java:371)
[13:32:27] [main/INFO]: [STDERR]: 	at java.base/java.nio.file.Files.newInputStream(Files.java:154)
[13:32:27] [main/INFO]: [STDERR]: 	at knot//org.apache.commons.io.FileUtils.lambda$readFileToString$14(FileUtils.java:2768)
[13:32:27] [main/INFO]: [STDERR]: 	at knot//org.apache.commons.io.IOUtils.toString(IOUtils.java:3204)
[13:32:27] [main/INFO]: [STDERR]: 	at knot//org.apache.commons.io.IOUtils.toString(IOUtils.java:3179)
[13:32:27] [main/INFO]: [STDERR]: 	at knot//org.apache.commons.io.FileUtils.readFileToString(FileUtils.java:2768)
[13:32:27] [main/INFO]: [STDERR]: 	at knot//com.zurrtum.create.catnip.config.Builder.read(Builder.java:136)
[13:32:27] [main/INFO]: [STDERR]: 	at knot//com.zurrtum.create.catnip.config.Builder.<init>(Builder.java:36)
[13:32:27] [main/INFO]: [STDERR]: 	at knot//com.zurrtum.create.catnip.config.Builder.create(Builder.java:49)
[13:32:27] [main/INFO]: [STDERR]: 	at knot//com.zurrtum.create.catnip.config.Builder.create(Builder.java:44)
[13:32:27] [main/INFO]: [STDERR]: 	at knot//com.zurrtum.create.infrastructure.config.AllConfigs.register(AllConfigs.java:28)
[13:32:27] [main/INFO]: [STDERR]: 	at knot//com.zurrtum.create.Create.onInitialize(Create.java:62)
[13:32:27] [main/INFO]: [STDERR]: 	at net.fabricmc.loader.impl.FabricLoaderImpl.invokeEntrypoints(FabricLoaderImpl.java:409)
[13:32:27] [main/INFO]: [STDERR]: 	at net.fabricmc.loader.impl.game.minecraft.Hooks.startServer(Hooks.java:63)
[13:32:27] [main/INFO]: [STDERR]: 	at knot//net.minecraft.server.Main.main(Main.java:114)
[13:32:27] [main/INFO]: [STDERR]: 	at net.fabricmc.loader.impl.game.minecraft.MinecraftGameProvider.launch(MinecraftGameProvider.java:517)
[13:32:27] [main/INFO]: [STDERR]: 	at net.fabricmc.loader.impl.launch.knot.Knot.launch(Knot.java:72)
[13:32:27] [main/INFO]: [STDERR]: 	at net.fabricmc.loader.impl.launch.knot.KnotServer.main(KnotServer.java:23)
[13:32:27] [main/INFO]: [STDERR]: 	at net.fabricmc.loader.impl.launch.server.FabricServerLauncher.main(FabricServerLauncher.java:69)
[13:32:27] [main/INFO]: [STDERR]: 	at net.fabricmc.installer.ServerLauncher.main(ServerLauncher.java:69)
[13:32:27] [main/INFO]: Environment: Environment[discoveryUrl=https://discovery.minecraftservices.com/minecraft/client, name=PROD]
[13:32:28] [Worker-Main-3/INFO]: No existing world data, creating new world
[13:32:29] [Worker-Main-2/INFO]: Loaded 2971 advancements
[13:32:30] [main/INFO]: Applied 0 biome modifications to 0 of 67 new biomes in 1.726 ms
[13:32:30] [Server thread/INFO]: Starting minecraft server version 26.3
[13:32:30] [Server thread/INFO]: Loading properties
[13:32:30] [Server thread/INFO]: Default game type: CREATIVE
[13:32:30] [Server thread/INFO]: Generating keypair
[13:32:30] [Server thread/INFO]: Starting Minecraft server on *:25565
[13:32:30] [Server thread/WARN]: **** SERVER IS RUNNING IN OFFLINE/INSECURE MODE!
[13:32:30] [Server thread/WARN]: The server will make no attempt to authenticate usernames. Beware.
[13:32:30] [Server thread/WARN]: While this makes the game possible to play without internet access, it also opens up the ability for hackers to connect with any username they choose.
[13:32:30] [Server thread/WARN]: To change this, set "online-mode" to "true" in the server.properties file.
[13:32:30] [Server thread/INFO]: Preparing level "world"
[13:32:30] [Server thread/INFO]: Selecting global world spawn...
[13:32:34] [Server thread/INFO]: Loading 0 persistent chunks...
[13:32:34] [Server thread/INFO]: Preparing spawn area: 100%
[13:32:34] [Server thread/INFO]: Time elapsed: 3589 ms
[13:32:34] [Server thread/INFO]: Done (3.852s)! For help, type "help"
[13:32:34] [Server thread/INFO]: Saving chunks for level 'ServerLevel[world]'/minecraft:overworld
[13:32:34] [Server thread/INFO]: Saving chunks for level 'ServerLevel[world]'/minecraft:the_end
[13:32:34] [Server thread/INFO]: Saving chunks for level 'ServerLevel[world]'/minecraft:the_nether
[13:32:34] [Server thread/INFO]: Force-loading class net.minecraft.data.recipes.SmithingTrimRecipeBuilder
[13:32:34] [Server thread/INFO]: Force-loading class net.minecraft.data.recipes.SingleItemRecipeBuilder
[13:32:34] [Server thread/INFO]: Force-loading class net.minecraft.data.recipes.SmithingTransformRecipeBuilder
[13:32:34] [Server thread/INFO]: Force-loading class net.minecraft.world.level.redstone.CollectingNeighborUpdater$MultiNeighborUpdate
[13:32:34] [Server thread/INFO]: Force-loading class net.minecraft.server.PlayerAdvancements
[13:32:34] [Server thread/INFO]: Force-loading class net.minecraft.server.network.config.SynchronizeRegistriesTask
[13:32:34] [Server thread/INFO]: Force-loading class net.minecraft.data.recipes.RecipeProvider
[13:32:34] [Server thread/INFO]: Force-loading class net.minecraft.world.level.chunk.LevelChunkSection$1BlockCounter
[13:32:34] [Server thread/INFO]: Force-loading class net.minecraft.network.protocol.configuration.ServerboundSelectKnownPacks
[13:32:34] [Server thread/INFO]: Force-loading class net.minecraft.world.level.redstone.ExperimentalRedstoneWireEvaluator
[13:32:34] [Server thread/INFO]: Force-loading class net.minecraft.server.network.ServerHandshakePacketListenerImpl
[13:32:34] [Server thread/INFO]: Force-loading class net.minecraft.data.tags.BlockItemTagAppender
[13:32:34] [Server thread/INFO]: Force-loading class net.minecraft.data.recipes.BrewingRecipeBuilder
[13:32:34] [Server thread/INFO]: Force-loading class net.minecraft.data.registries.RegistriesDatapackGenerator
[13:32:34] [Server thread/INFO]: Force-loading class net.minecraft.world.entity.ai.behavior.Swim
[13:32:34] [Server thread/INFO]: Force-loading class net.minecraft.server.packs.resources.SimpleJsonResourceReloadListener
[13:32:34] [Server thread/INFO]: Force-loading class net.minecraft.server.commands.DebugConfigCommand
[13:32:34] [Server thread/INFO]: Force-loading class net.minecraft.world.level.pathfinder.WalkNodeEvaluator
[13:32:34] [Server thread/INFO]: Force-loading class net.minecraft.world.level.storage.loot.LootPool$Builder
[13:32:34] [Server thread/INFO]: Force-loading class net.minecraft.data.recipes.TransmuteRecipeBuilder
[13:32:34] [Server thread/INFO]: Force-loading class net.minecraft.data.tags.TagAppender
[13:32:34] [Server thread/INFO]: Force-loading class net.minecraft.network.protocol.configuration.ConfigurationProtocols
[13:32:34] [Server thread/INFO]: Force-loading class net.minecraft.server.network.ServerLoginPacketListenerImpl
[13:32:34] [Server thread/INFO]: Force-loading class net.minecraft.world.level.entity.PersistentEntitySectionManager$Callback
[13:32:34] [Server thread/INFO]: Force-loading class net.minecraft.commands.execution.CommandQueueEntry
[13:32:34] [Server thread/INFO]: Force-loading class net.minecraft.data.recipes.RecipeProvider$1
[13:32:34] [Server thread/INFO]: Force-loading class net.minecraft.gametest.framework.GameTestServer
[13:32:34] [Server thread/INFO]: Force-loading class net.minecraft.core.RegistrySynchronization
[13:32:34] [Server thread/INFO]: Force-loading class net.minecraft.network.protocol.BundlePacket
[13:32:34] [Server thread/INFO]: Force-loading class net.minecraft.util.ParticleUtils
[13:32:34] [Server thread/INFO]: Force-loading class net.minecraft.world.CompoundContainer
[13:32:34] [Server thread/INFO]: Force-loading class net.minecraft.data.tags.TagAppender$1
[13:32:34] [Server thread/INFO]: Force-loading class net.minecraft.network.PacketEncoder
[13:32:34] [Server thread/INFO]: Force-loading class net.minecraft.data.tags.TagsProvider
[13:32:34] [Server thread/INFO]: Force-loading class net.minecraft.data.recipes.SimpleCookingRecipeBuilder
[13:32:34] [Server thread/INFO]: Force-loading class net.minecraft.data.recipes.SpecialRecipeBuilder
[13:32:34] [Server thread/INFO]: Force-loading class net.minecraft.server.level.ServerEntity
[13:32:34] [Server thread/INFO]: Force-loading class net.minecraft.data.recipes.ShapedRecipeBuilder
[13:32:34] [Server thread/INFO]: Force-loading class net.minecraft.tags.TagBuilder
[13:32:34] [Server thread/INFO]: Force-loading class net.minecraft.network.protocol.login.ServerboundCustomQueryAnswerPacket
[13:32:34] [Server thread/INFO]: Force-loading class net.minecraft.data.recipes.RecipeOutput
[13:32:34] [Server thread/INFO]: Force-loading class net.minecraft.world.level.block.RailState
[13:32:34] [Server thread/INFO]: Force-loading class net.minecraft.network.PacketDecoder
[13:32:34] [Server thread/INFO]: Force-loading class net.minecraft.server.dedicated.ServerWatchdog
[13:32:34] [Server thread/INFO]: Force-loading class net.minecraft.data.recipes.ShapelessRecipeBuilder
[13:32:34] [Server thread/INFO]: Force-loading class net.minecraft.data.recipes.CustomCraftingRecipeBuilder
[13:32:34] [Server thread/INFO]: Force-loading class net.minecraft.world.item.enchantment.EnchantmentHelper
[13:32:34] [Server thread/INFO]: Force-loading class net.minecraft.world.entity.ai.behavior.GiveGiftToHero
[13:32:34] [Server thread/INFO]: Force-loading class net.minecraft.data.advancements.packs.VanillaAdventureAdvancements
[13:32:34] [Server thread/INFO]: Force-loading class net.minecraft.data.loot.BlockLootSubProvider
[13:32:34] [Server thread/INFO]: Force-loading class net.minecraft.network.protocol.common.ServerboundCustomPayloadPacket
[13:32:34] [Server thread/INFO]: Force-loading class net.minecraft.network.protocol.game.GameProtocols
[13:32:34] [Server thread/INFO]: Force-loading class net.minecraft.commands.execution.tasks.BuildContexts
[13:32:34] [Server thread/INFO]: Force-loading class net.minecraft.world.entity.ai.behavior.WorkAtComposter
[13:32:34] [Server thread/INFO]: Force-loading class net.minecraft.data.HashCache
[13:32:34] [Server thread/INFO]: Force-loading class net.minecraft.data.recipes.BrewingProvider
[13:32:34] [Server thread/INFO]: Force-loading class net.minecraft.data.registries.RegistryPatchGenerator
[13:32:34] [Server thread/INFO]: Force-loading class net.minecraft.server.level.ChunkMap$TrackedEntity
[13:32:34] [Server thread/INFO]: Force-loading class net.minecraft.server.network.PlayerChunkSender
[13:32:34] [Server thread/INFO]: Force-loading class net.minecraft.world.item.Item$TooltipContext$2
[13:32:34] [Server thread/INFO]: Force-loading class net.minecraft.data.HashCache$ProviderCache
[13:32:34] [Server thread/INFO]: Force-loading class net.minecraft.world.entity.ai.behavior.StartAttacking
[13:32:34] [Server thread/INFO]: Force-loading class net.minecraft.world.level.pathfinder.PathfindingContext
[13:32:34] [Server thread/INFO]: Force-loading class com.mojang.brigadier.context.ContextChain
[13:32:34] [Server thread/INFO]: Force-loading class net.minecraft.network.codec.IdDispatchCodec
[13:32:34] [Server thread/INFO]: Force-loading class net.minecraft.data.DataProvider
[13:32:34] [Server thread/INFO]: Force-loading class net.minecraft.data.loot.EntityLootSubProvider
[13:32:34] [Server thread/INFO]: Force-loading class net.minecraft.network.protocol.login.ClientboundCustomQueryPacket
[13:32:34] [Server thread/INFO]: [MixinAudit] audit finished
[13:32:34] [Server thread/INFO]: [Not Secure] [Server] smoke-start
[13:32:34] [Server thread/INFO]: System chat: Whitelist is already turned off
[13:32:35] [Server thread/INFO]: System chat: Incorrect argument for command
[13:32:35] [Server thread/INFO]: System chat: gamerule spawn_radius 0<--[HERE]
[13:32:38] [Server thread/INFO]: System chat: Marked 9 chunks in minecraft:overworld from [0, 0] to [2, 2] to be force loaded
[13:32:38] [Server thread/WARN]: Can't keep up! Is the server overloaded? Running 2621ms or 52 ticks behind
[13:33:36] [Server thread/INFO]: Server empty for 60 seconds, pausing
[13:34:14] [Server thread/INFO]: Player756[/127.0.0.1:45424] logged in with entity id 17 at (106.5, 145.0, -39.5)
[13:34:14] [Server thread/INFO]: System chat: Player756 joined the game
[13:34:55] [Server thread/INFO]: System chat: Successfully filled 768 block(s)
[13:34:55] [Server thread/INFO]: System chat: Teleported Player756 to 8.500000, 122.000000, -1.500000
[13:34:56] [Server thread/INFO]: Player Player756 standing on air - force-sending blocks below
[13:35:00] [Server thread/INFO]: System chat: No blocks were filled
[13:35:00] [Server thread/INFO]: System chat: Set minecraft:overworld to time marker minecraft:noon
[13:35:00] [Server thread/INFO]: System chat: Set the weather to clear
[13:35:00] [Server thread/INFO]: [Not Secure] [Server] == row A: motor, shafts, cogwheel
[13:35:00] [Server thread/INFO]: System chat: Changed the block at 0, 121, 0
[13:35:00] [Server thread/INFO]: System chat: Changed the block at 1, 121, 0
[13:35:00] [Server thread/INFO]: System chat: Changed the block at 2, 121, 0
[13:35:00] [Server thread/INFO]: System chat: Changed the block at 3, 121, 0
[13:35:00] [Server thread/INFO]: System chat: Changed the block at 3, 122, 0
[13:35:00] [Server thread/INFO]: System chat: Changed the block at 4, 122, 0
[13:35:00] [Server thread/INFO]: [Not Secure] [Server] == row B: press over depot
[13:35:00] [Server thread/INFO]: System chat: Changed the block at 0, 123, 4
[13:35:00] [Server thread/INFO]: System chat: Changed the block at 1, 123, 4
[13:35:00] [Server thread/INFO]: System chat: Changed the block at 2, 123, 4
[13:35:00] [Server thread/INFO]: System chat: Changed the block at 2, 121, 4
[13:35:00] [Server thread/INFO]: System chat: Summoned new Iron Ingot
[13:35:00] [Server thread/INFO]: [Not Secure] [Server] == row C: mixer over basin
[13:35:00] [Server thread/INFO]: System chat: Changed the block at 1, 122, 8
[13:35:00] [Server thread/INFO]: System chat: Changed the block at 1, 123, 8
[13:35:00] [Server thread/INFO]: System chat: Changed the block at 2, 123, 8
[13:35:00] [Server thread/INFO]: System chat: Changed the block at 2, 121, 8
[13:35:00] [Server thread/INFO]: System chat: Summoned new Andesite
[13:35:00] [Server thread/INFO]: System chat: Summoned new Iron Nugget
[13:35:00] [Server thread/INFO]: [Not Secure] [Server] == row D: fan washing
[13:35:00] [Server thread/INFO]: System chat: Successfully filled 48 block(s)
[13:35:00] [Server thread/INFO]: System chat: Successfully filled 7 block(s)
[13:35:00] [Server thread/INFO]: System chat: Changed the block at 0, 121, 12
[13:35:00] [Server thread/INFO]: System chat: Changed the block at 1, 121, 12
[13:35:00] [Server thread/INFO]: System chat: Changed the block at 3, 121, 12
[13:35:00] [Server thread/INFO]: System chat: Changed the block at 2, 121, 12
[13:35:00] [Server thread/INFO]: System chat: Summoned new Crushed Raw Iron
[13:35:00] [Server thread/INFO]: [Not Secure] [Server] == row E: fan blasting
[13:35:00] [Server thread/INFO]: System chat: Successfully filled 48 block(s)
[13:35:00] [Server thread/INFO]: System chat: Successfully filled 7 block(s)
[13:35:00] [Server thread/INFO]: System chat: Changed the block at 0, 121, 16
[13:35:00] [Server thread/INFO]: System chat: Changed the block at 1, 121, 16
[13:35:00] [Server thread/INFO]: System chat: Changed the block at 3, 121, 16
[13:35:00] [Server thread/INFO]: System chat: Changed the block at 2, 121, 16
[13:35:00] [Server thread/INFO]: System chat: Summoned new Raw Copper
[13:35:00] [Server thread/INFO]: [Not Secure] [Server] == row F: pipe, pump, tank
[13:35:00] [Server thread/INFO]: System chat: Successfully filled 18 block(s)
[13:35:00] [Server thread/INFO]: System chat: Changed the block at 0, 121, 20
[13:35:00] [Server thread/INFO]: System chat: Changed the block at 1, 121, 20
[13:35:00] [Server thread/INFO]: System chat: Changed the block at 2, 121, 20
[13:35:00] [Server thread/INFO]: System chat: Changed the block at 3, 121, 20
[13:35:00] [Server thread/INFO]: System chat: Changed the block at 4, 121, 20
[13:35:00] [Server thread/INFO]: System chat: Changed the block at 1, 121, 21
[13:35:00] [Server thread/INFO]: System chat: Changed the block at 2, 121, 21
[13:35:00] [Server thread/INFO]: [Not Secure] [Server] == row G: mechanical crafter
[13:35:00] [Server thread/INFO]: System chat: Changed the block at 1, 121, 23
[13:35:00] [Server thread/INFO]: System chat: Changed the block at 1, 121, 24
[13:35:00] [Server thread/INFO]: System chat: Changed the block at 2, 121, 24
[13:35:00] [Server thread/INFO]: System chat: Changed the block at 2, 122, 24
[13:35:00] [Server thread/INFO]: [Not Secure] [Server] == row H: bearing contraption
[13:35:00] [Server thread/INFO]: System chat: Changed the block at 0, 122, 28
[13:35:00] [Server thread/INFO]: System chat: Changed the block at 2, 122, 28
[13:35:00] [Server thread/INFO]: System chat: Changed the block at 1, 122, 28
[13:35:00] [Server thread/INFO]: [Not Secure] [Server] == row I: deployer
[13:35:00] [Server thread/INFO]: System chat: Changed the block at 2, 121, 32
[13:35:00] [Server thread/INFO]: System chat: Changed the block at 0, 123, 32
[13:35:00] [Server thread/INFO]: System chat: Changed the block at 1, 123, 32
[13:35:00] [Server thread/INFO]: System chat: Changed the block at 2, 123, 32
[13:35:00] [Server thread/INFO]: System chat: Changed the block at 2, 124, 32
[13:35:00] [Server thread/INFO]: [Not Secure] [Server] == row J: belt with funnels
[13:35:00] [Server thread/INFO]: System chat: Changed the block at 0, 121, 36
[13:35:00] [Server thread/INFO]: System chat: Changed the block at 1, 121, 36
[13:35:00] [Server thread/INFO]: System chat: Changed the block at 2, 121, 36
[13:35:00] [Server thread/INFO]: System chat: Changed the block at 3, 121, 36
[13:35:00] [Server thread/INFO]: System chat: Changed the block at 0, 121, 35
[13:35:00] [Server thread/INFO]: System chat: Changed the block at 1, 123, 36
[13:35:00] [Server thread/INFO]: System chat: Changed the block at 1, 122, 36
[13:35:00] [Server thread/INFO]: System chat: Changed the block at 4, 122, 36
[13:35:00] [Server thread/INFO]: System chat: Changed the block at 3, 122, 36
[13:35:00] [Server thread/INFO]: System chat: Changed the block at -1, 122, 36
[13:35:00] [Server thread/INFO]: System chat: Changed the block at 0, 122, 36
[13:35:00] [Server thread/INFO]: [Not Secure] [Server] == row K: funnel from chest
[13:35:00] [Server thread/INFO]: System chat: Changed the block at 0, 121, 40
[13:35:00] [Server thread/INFO]: System chat: Changed the block at 1, 121, 40
[13:35:00] [Server thread/INFO]: [Not Secure] [Server] == row M: tracks
[13:35:00] [Server thread/INFO]: System chat: Successfully filled 6 block(s)
[13:35:00] [Server thread/INFO]: [Not Secure] [Server] == row L: water wheel
[13:35:00] [Server thread/INFO]: System chat: Successfully filled 66 block(s)
[13:35:00] [Server thread/INFO]: System chat: Changed the block at 10, 123, 41
[13:35:00] [Server thread/INFO]: System chat: Changed the block at 10, 124, 42
[13:35:01] [Server thread/INFO]: RecipeTrie of depth 5 with 644 nodes built with 584 variants, 442 ingredients, and 790 recipes
[13:35:20] [Server thread/INFO]: System chat: Teleported Player756 to 6.500000, 123.000000, 2.500000
[13:35:21] [Server thread/INFO]: Player Player756 standing on air - force-sending blocks below
[13:35:26] [Server thread/INFO]: System chat: Teleported Player756 to 6.500000, 123.000000, 10.500000
[13:35:33] [Server thread/INFO]: System chat: Teleported Player756 to 8.500000, 123.000000, 18.500000
[13:35:33] [Server thread/INFO]: Player Player756 standing on air - force-sending blocks below
[13:35:39] [Server thread/INFO]: System chat: Teleported Player756 to 7.500000, 123.000000, 26.500000
[13:35:45] [Server thread/INFO]: System chat: Teleported Player756 to 7.500000, 123.000000, 34.500000
[13:35:46] [Server thread/INFO]: Player Player756 standing on air - force-sending blocks below
[13:36:07] [Server thread/INFO]: [Not Secure] [Server] == checks
[13:36:07] [Server thread/INFO]: System chat: 2, 121, 0 has the following block data: 64.0f
[13:36:07] [Server thread/INFO]: System chat: 3, 122, 0 has the following block data: -64.0f
[13:36:07] [Server thread/INFO]: System chat: 4, 122, 0 has the following block data: -64.0f
[13:36:07] [Server thread/INFO]: System chat: 2, 121, 4 has the following block data: {HeldItem: {PrevPos: 0.5f, Item: {count: 1, id: "create:iron_sheet"}, Angle: 99, Pos: 0.5f, PrevOffset: 0.12222222f, InSegment: 0, InDirection: "down", Offset: 0.12222222f}, components: {}, x: 2, y: 121, z: 4, id: "create:depot", Inventory: []}
[13:36:07] [Server thread/INFO]: System chat: 2, 121, 8 has the following block data: {components: {}, FilterAmount: 64, InputTanks: [{Speed: 0.25f, Target: 0.0f, Value: 0.0f, TankContent: {}}, {Speed: 0.25f, Target: 0.0f, Value: 0.0f, TankContent: {}}], OutputTanks: [{Speed: 0.25f, Target: 0.0f, Value: 0.0f, TankContent: {}}, {Speed: 0.25f, Target: 0.0f, Value: 0.0f, TankContent: {}}], Overflow: [], Filter: {}, DisabledSpoutput: [], x: 2, y: 121, z: 8, id: "create:basin", UpTo: 1b, Inventory: {Input: [], Output: [{count: 1, id: "create:andesite_alloy"}]}, FluidOverflow: []}
[13:36:07] [Server thread/INFO]: [Not Secure] [Server] CHECK washing-ok
[13:36:07] [Server thread/INFO]: [Not Secure] [Server] CHECK blasting-ok
[13:36:07] [Server thread/INFO]: System chat: 4, 121, 20 has the following block data: {Boiler: {ActiveHeat: 0, Whistles: 0, Supply: 0.0f, PassiveHeat: 0b, Update: 0b, Engines: 0}, Window: 1b, components: {}, LastKnownPos: [I; 4, 121, 20], Size: 1, Fluid: {amount: 81000, components: {"create:fluid_max_capacity": 648000}, id: "minecraft:water"}, Luminosity: 0, x: 4, y: 121, Height: 1, z: 20, id: "create:fluid_tank"}
[13:36:07] [Server thread/INFO]: [Not Secure] [Server] CHECK pump-drained-source
[13:36:07] [Server thread/INFO]: [Not Secure] [Server] CHECK crafter-ok
[13:36:07] [Server thread/INFO]: System chat: 2, 121, 24 has the following block data: {ConnectedInput: {Data: [[I; 0, 0, 0]], Controller: 1b}, Speed: -64.0f, components: {}, Phase: "IDLE", CountDown: 0, Source: [I; 1, 121, 24], Stack: {}, GroupedItems: {Grid: {Keys: [], Values: []}}, Cover: 0b, Network: {Capacity: 1048576.0f, Size: 3, AddedStress: 2.0f, Id: 274878001273L, Stress: 128.0f}, x: 2, y: 121, z: 24, id: "create:mechanical_crafter"}
[13:36:07] [Server thread/INFO]: [Not Secure] [Server] CHECK contraption-ok
[13:36:07] [Server thread/INFO]: [Not Secure] [Server] CHECK deployer-ok
[13:36:07] [Server thread/INFO]: System chat: 2, 123, 32 has the following block data: {components: {"minecraft:damage": 1}, count: 1, id: "minecraft:iron_shovel"}
[13:36:07] [Server thread/INFO]: System chat: 4, 122, 36 has the following block data: []
[13:36:07] [Server thread/INFO]: System chat: 10, 123, 41 has the following block data: -8.0f
[13:36:07] [Server thread/INFO]: System chat: -1, 122, 36 has the following block data: [{count: 4, Slot: 0b, id: "minecraft:cobblestone"}]
[13:36:07] [Server thread/INFO]: System chat: 1, 123, 36 has the following block data: []
[13:36:07] [Server thread/INFO]: System chat: 0, 121, 40 has the following block data: [{count: 1, Slot: 0b, id: "minecraft:diorite"}]
[13:36:07] [Server thread/INFO]: [Not Secure] [Server] CHECK funnel-extract-ok
[13:36:07] [Server thread/INFO]: System chat: 0, 121, 36 has the following block data: {Speed: 64.0f, components: {}, Index: 0, Controller: [I; 0, 121, 36], Casing: "none", Source: [I; 0, 121, 35], Covered: 0b, IsController: 1b, Length: 4, Network: {Capacity: 1048576.0f, Size: 5, Id: 143481L, Stress: 0.0f}, x: 0, y: 121, z: 36, id: "create:belt", Inventory: {PositiveOrder: 0b}}
[13:36:07] [Server thread/INFO]: [Not Secure] [Server] == zinc ore count in generated chunks
[13:36:07] [Server thread/INFO]: System chat: Successfully filled 54 block(s)
[13:36:07] [Server thread/INFO]: System chat: Successfully filled 17 block(s)
[13:36:07] [Server thread/INFO]: System chat: Successfully filled 51 block(s)
[13:36:07] [Server thread/INFO]: System chat: Successfully filled 51 block(s)
[13:36:07] [Server thread/INFO]: [Not Secure] [Server] == goggles
[13:36:07] [Server thread/INFO]: System chat: Replaced 1 slot(s) on Player756 with [Engineer's Goggles]
[13:36:07] [Server thread/INFO]: System chat: Teleported Player756 to 2.500000, 121.000000, -2.200000
[13:36:12] [Server thread/INFO]: System chat: Teleported Player756 to 2.500000, 121.000000, 6.200000
[13:36:16] [Server thread/INFO]: [Not Secure] [Server] == inventory, ponder, creative tabs
[13:36:16] [Server thread/INFO]: System chat: Replaced 1 slot(s) on Player756 with [Mechanical Press]
[13:36:16] [Server thread/INFO]: System chat: Replaced 1 slot(s) on Player756 with [Cogwheel]
[13:36:47] [Server thread/INFO]: Player756 lost connection: Disconnected
[13:36:47] [Server thread/INFO]: System chat: Player756 left the game
[13:36:52] [Server thread/INFO]: System chat: Stopping the server
[13:36:52] [Server thread/INFO]: Stopping server
[13:36:52] [Server thread/INFO]: Saving players
[13:36:52] [Server thread/INFO]: Saving worlds
[13:36:52] [Server thread/INFO]: Saving chunks for level 'ServerLevel[world]'/minecraft:overworld
[13:36:53] [Server thread/INFO]: Saving chunks for level 'ServerLevel[world]'/minecraft:the_end
[13:36:53] [Server thread/INFO]: Saving chunks for level 'ServerLevel[world]'/minecraft:the_nether
EXIT 0
